// Jest Snapshot v1, https://goo.gl/fbAQLP

exports[`it matches snapshot 1`] = `
<DocumentFragment>
  <div
    class="Box"
    style="background-color: blue;"
  >
    <button>
      X
    </button>
  </div>
</DocumentFragment>
`;
