// Jest Snapshot v1, https://goo.gl/fbAQLP

exports[`NotFound matches snapshot 1`] = `
<DocumentFragment>
  <div
    class="NotFound container my-5"
  >
    <div
      class="row justify-content-center"
    >
      <h3>
        404 Not Found
      </h3>
    </div>
    <div
      class="row justify-content-center"
    >
      <p>
        That route does not exist.
      </p>
    </div>
  </div>
</DocumentFragment>
`;
