// Jest Snapshot v1, https://goo.gl/fbAQLP

exports[`Settings matches snapshot 1`] = `
<DocumentFragment>
  <div
    class="Settings container"
  >
    <h1
      class="display-4 m-2"
    >
      Settings
    </h1>
    <p
      class="m-2"
    >
      Logged in as: testUser
    </p>
    <ul
      class="list-unstyled"
    >
      <li
        class="border p-3"
      >
        <a
          class="text-primary text-decoration-none"
          href="/edit/testUser"
        >
          Change password
        </a>
      </li>
      <li
        class="border p-3"
      >
        <a
          class="text-danger text-decoration-none"
          href="/"
        >
          Delete account
        </a>
      </li>
    </ul>
  </div>
</DocumentFragment>
`;
