// Jest Snapshot v1, https://goo.gl/fbAQLP

exports[`SignupForm should match the snapshot 1`] = `
<DocumentFragment>
  <div
    class="SignupForm"
  >
    <div
      class="container col-md-6 offset-md-3 col-lg-4 offset-lg-4"
    >
      <h2
        class="my-4"
      >
        Sign Up
      </h2>
      <div
        class="card shadow"
      >
        <div
          class="card-body"
        >
          <form>
            <div
              class="form-group"
            >
              <label
                for="username"
              >
                Username
              </label>
              <input
                class="form-control"
                id="username"
                maxlength="16"
                minlength="3"
                name="username"
                value=""
              />
            </div>
            <div
              class="form-group"
            >
              <label
                for="password"
              >
                Password
              </label>
              <input
                class="form-control"
                id="password"
                maxlength="20"
                minlength="5"
                name="password"
                type="password"
                value=""
              />
            </div>
            <button
              class="btn btn-success float-right"
              data-testid="signup-form-btn"
              type="submit"
            >
              Sign up
            </button>
          </form>
        </div>
      </div>
    </div>
  </div>
</DocumentFragment>
`;
